// Jest Snapshot v1, https://goo.gl/fbAQLP

exports[`align-versions should call the dependency.logVersionMisMatch method for each resolved package path and flow dependencies 1`] = `
Array [
  Array [
    "/foo/packages/package-a",
    "flow-bin",
    "1.2.0",
  ],
]
`;
